19:20:49 **** Incremental Build of configuration Debug for project 002_FSMC_LCD_8bit ****
make -j12 all 
arm-none-eabi-gcc "../Core/Src/fsmc.c" -mcpu=cortex-m3 -std=gnu11 -g3 -DDEBUG -DUSE_HAL_DRIVER -DSTM32F207xx -c -I../Core/Inc -ID:/050_STM32/Repository/STM32Cube_FW_F2_V1.9.3/Drivers/STM32F2xx_HAL_Driver/Inc -ID:/050_STM32/Repository/STM32Cube_FW_F2_V1.9.3/Drivers/STM32F2xx_HAL_Driver/Inc/Legacy -ID:/050_STM32/Repository/STM32Cube_FW_F2_V1.9.3/Drivers/CMSIS/Device/ST/STM32F2xx/Include -ID:/050_STM32/Repository/STM32Cube_FW_F2_V1.9.3/Drivers/CMSIS/Include -O0 -ffunction-sections -fdata-sections -Wall -fstack-usage -fcyclomatic-complexity -MMD -MP -MF"Core/Src/fsmc.d" -MT"Core/Src/fsmc.o" --specs=nano.specs -mfloat-abi=soft -mthumb -o "Core/Src/fsmc.o"
arm-none-eabi-gcc -o "002_FSMC_LCD_8bit.elf" @"objects.list"   -mcpu=cortex-m3 -T"D:\__GitHub\nucleoF207\STM32CubeIDE\002_FSMC_LCD_8bit\STM32F207ZGTX_FLASH.ld" --specs=nosys.specs -Wl,-Map="002_FSMC_LCD_8bit.map" -Wl,--gc-sections -static --specs=nano.specs -mfloat-abi=soft -mthumb -Wl,--start-group -lc -lm -Wl,--end-group
Finished building target: 002_FSMC_LCD_8bit.elf
 
arm-none-eabi-size   002_FSMC_LCD_8bit.elf 
arm-none-eabi-objdump -h -S  002_FSMC_LCD_8bit.elf  > "002_FSMC_LCD_8bit.list"
   text	   data	    bss	    dec	    hex	filename
   6824	     52	   1644	   8520	   2148	002_FSMC_LCD_8bit.elf
Finished building: default.size.stdout
 
Finished building: 002_FSMC_LCD_8bit.list
 

19:20:50 Build Finished. 0 errors, 0 warnings. (took 549ms)

