19:36:56 **** Incremental Build of configuration Debug for project 004_FSMC_LCD_DMA_mem2mem ****
make -j12 all 
arm-none-eabi-gcc "../loop/loop.c" -mcpu=cortex-m3 -std=gnu11 -g3 -DDEBUG -DUSE_HAL_DRIVER -DSTM32F207xx -c -I../Core/Inc -ID:/050_STM32/Repository/STM32Cube_FW_F2_V1.9.3/Drivers/STM32F2xx_HAL_Driver/Inc -ID:/050_STM32/Repository/STM32Cube_FW_F2_V1.9.3/Drivers/STM32F2xx_HAL_Driver/Inc/Legacy -ID:/050_STM32/Repository/STM32Cube_FW_F2_V1.9.3/Drivers/CMSIS/Device/ST/STM32F2xx/Include -ID:/050_STM32/Repository/STM32Cube_FW_F2_V1.9.3/Drivers/CMSIS/Include -O0 -ffunction-sections -fdata-sections -Wall -fstack-usage -fcyclomatic-complexity -MMD -MP -MF"loop/loop.d" -MT"loop/loop.o" --specs=nano.specs -mfloat-abi=soft -mthumb -o "loop/loop.o"
arm-none-eabi-gcc "../Core/Src/main.c" -mcpu=cortex-m3 -std=gnu11 -g3 -DDEBUG -DUSE_HAL_DRIVER -DSTM32F207xx -c -I../Core/Inc -ID:/050_STM32/Repository/STM32Cube_FW_F2_V1.9.3/Drivers/STM32F2xx_HAL_Driver/Inc -ID:/050_STM32/Repository/STM32Cube_FW_F2_V1.9.3/Drivers/STM32F2xx_HAL_Driver/Inc/Legacy -ID:/050_STM32/Repository/STM32Cube_FW_F2_V1.9.3/Drivers/CMSIS/Device/ST/STM32F2xx/Include -ID:/050_STM32/Repository/STM32Cube_FW_F2_V1.9.3/Drivers/CMSIS/Include -O0 -ffunction-sections -fdata-sections -Wall -fstack-usage -fcyclomatic-complexity -MMD -MP -MF"Core/Src/main.d" -MT"Core/Src/main.o" --specs=nano.specs -mfloat-abi=soft -mthumb -o "Core/Src/main.o"
arm-none-eabi-gcc -o "004_FSMC_LCD_DMA_mem2mem.elf" @"objects.list"   -mcpu=cortex-m3 -T"D:\__GitHub\nucleoF207\STM32CubeIDE\004_FSMC_LCD_DMA_mem2mem\STM32F207ZGTX_FLASH.ld" --specs=nosys.specs -Wl,-Map="004_FSMC_LCD_DMA_mem2mem.map" -Wl,--gc-sections -static --specs=nano.specs -mfloat-abi=soft -mthumb -Wl,--start-group -lc -lm -Wl,--end-group
Finished building target: 004_FSMC_LCD_DMA_mem2mem.elf
 
arm-none-eabi-size   004_FSMC_LCD_DMA_mem2mem.elf 
arm-none-eabi-objdump -h -S  004_FSMC_LCD_DMA_mem2mem.elf  > "004_FSMC_LCD_DMA_mem2mem.list"
   text	   data	    bss	    dec	    hex	filename
   4812	     20	   1572	   6404	   1904	004_FSMC_LCD_DMA_mem2mem.elf
Finished building: default.size.stdout
 
Finished building: 004_FSMC_LCD_DMA_mem2mem.list
 

19:36:57 Build Finished. 0 errors, 0 warnings. (took 534ms)

