19:51:49 **** Clean-only build of configuration Debug for project 004_FSMC_LCD_ILI9341_16bit ****
make -j12 clean 
rm -rf ./loop/loop.cyclo ./loop/loop.d ./loop/loop.o ./loop/loop.su
rm -rf ./ili9341/gfx.cyclo ./ili9341/gfx.d ./ili9341/gfx.o ./ili9341/gfx.su ./ili9341/hardwareMCU.cyclo ./ili9341/hardwareMCU.d ./ili9341/hardwareMCU.o ./ili9341/hardwareMCU.su ./ili9341/ili9341.cyclo ./ili9341/ili9341.d ./ili9341/ili9341.o ./ili9341/ili9341.su
rm -rf ./Drivers/STM32F2xx_HAL_Driver/stm32f2xx_hal.cyclo ./Drivers/STM32F2xx_HAL_Driver/stm32f2xx_hal.d ./Drivers/STM32F2xx_HAL_Driver/stm32f2xx_hal.o ./Drivers/STM32F2xx_HAL_Driver/stm32f2xx_hal.su ./Drivers/STM32F2xx_HAL_Driver/stm32f2xx_hal_cortex.cyclo ./Drivers/STM32F2xx_HAL_Driver/stm32f2xx_hal_cortex.d ./Drivers/STM32F2xx_HAL_Driver/stm32f2xx_hal_cortex.o ./Drivers/STM32F2xx_HAL_Driver/stm32f2xx_hal_cortex.su ./Drivers/STM32F2xx_HAL_Driver/stm32f2xx_hal_dma.cyclo ./Drivers/STM32F2xx_HAL_Driver/stm32f2xx_hal_dma.d ./Drivers/STM32F2xx_HAL_Driver/stm32f2xx_hal_dma.o ./Drivers/STM32F2xx_HAL_Driver/stm32f2xx_hal_dma.su ./Drivers/STM32F2xx_HAL_Driver/stm32f2xx_hal_dma_ex.cyclo ./Drivers/STM32F2xx_HAL_Driver/stm32f2xx_hal_dma_ex.d ./Drivers/STM32F2xx_HAL_Driver/stm32f2xx_hal_dma_ex.o ./Drivers/STM32F2xx_HAL_Driver/stm32f2xx_hal_dma_ex.su ./Drivers/STM32F2xx_HAL_Driver/stm32f2xx_hal_exti.cyclo ./Drivers/STM32F2xx_HAL_Driver/stm32f2xx_hal_exti.d ./Drivers/STM32F2xx_HAL_Driver/stm32f2xx_hal_exti.o ./Drivers/STM32F2xx_HAL_Driver/stm32f2xx_hal_exti.su ./Drivers/STM32F2xx_HAL_Driver/stm32f2xx_hal_flash.cyclo ./Drivers/STM32F2xx_HAL_Driver/stm32f2xx_hal_flash.d ./Drivers/STM32F2xx_HAL_Driver/stm32f2xx_hal_flash.o ./Drivers/STM32F2xx_HAL_Driver/stm32f2xx_hal_flash.su ./Drivers/STM32F2xx_HAL_Driver/stm32f2xx_hal_flash_ex.cyclo ./Drivers/STM32F2xx_HAL_Driver/stm32f2xx_hal_flash_ex.d ./Drivers/STM32F2xx_HAL_Driver/stm32f2xx_hal_flash_ex.o ./Drivers/STM32F2xx_HAL_Driver/stm32f2xx_hal_flash_ex.su ./Drivers/STM32F2xx_HAL_Driver/stm32f2xx_hal_gpio.cyclo ./Drivers/STM32F2xx_HAL_Driver/stm32f2xx_hal_gpio.d ./Drivers/STM32F2xx_HAL_Driver/stm32f2xx_hal_gpio.o ./Drivers/STM32F2xx_HAL_Driver/stm32f2xx_hal_gpio.su ./Drivers/STM32F2xx_HAL_Driver/stm32f2xx_hal_pwr.cyclo ./Drivers/STM32F2xx_HAL_Driver/stm32f2xx_hal_pwr.d ./Drivers/STM32F2xx_HAL_Driver/stm32f2xx_hal_pwr.o ./Drivers/STM32F2xx_HAL_Driver/stm32f2xx_hal_pwr.su ./Drivers/STM32F2xx_HAL_Driver/stm32f2xx_hal_pwr_ex.cyclo ./Drivers/STM32F2xx_HAL_Driver/stm32f2xx_hal_pwr_ex.d ./Drivers/STM32F2xx_HAL_Driver/stm32f2xx_hal_pwr_ex.o ./Drivers/STM32F2xx_HAL_Driver/stm32f2xx_hal_pwr_ex.su ./Drivers/STM32F2xx_HAL_Driver/stm32f2xx_hal_rcc.cyclo ./Drivers/STM32F2xx_HAL_Driver/stm32f2xx_hal_rcc.d ./Drivers/STM32F2xx_HAL_Driver/stm32f2xx_hal_rcc.o ./Drivers/STM32F2xx_HAL_Driver/stm32f2xx_hal_rcc.su ./Drivers/STM32F2xx_HAL_Driver/stm32f2xx_hal_rcc_ex.cyclo ./Drivers/STM32F2xx_HAL_Driver/stm32f2xx_hal_rcc_ex.d ./Drivers/STM32F2xx_HAL_Driver/stm32f2xx_hal_rcc_ex.o ./Drivers/STM32F2xx_HAL_Driver/stm32f2xx_hal_rcc_ex.su ./Drivers/STM32F2xx_HAL_Driver/stm32f2xx_hal_sram.cyclo ./Drivers/STM32F2xx_HAL_Driver/stm32f2xx_hal_sram.d ./Drivers/STM32F2xx_HAL_Driver/stm32f2xx_hal_sram.o ./Drivers/STM32F2xx_HAL_Driver/stm32f2xx_hal_sram.su ./Drivers/STM32F2xx_HAL_Driver/stm32f2xx_hal_tim.cyclo ./Drivers/STM32F2xx_HAL_Driver/stm32f2xx_hal_tim.d ./Drivers/STM32F2xx_HAL_Driver/stm32f2xx_hal_tim.o ./Drivers/STM32F2xx_HAL_Driver/stm32f2xx_hal_tim.su ./Drivers/STM32F2xx_HAL_Driver/stm32f2xx_hal_tim_ex.cyclo ./Drivers/STM32F2xx_HAL_Driver/stm32f2xx_hal_tim_ex.d ./Drivers/STM32F2xx_HAL_Driver/stm32f2xx_hal_tim_ex.o ./Drivers/STM32F2xx_HAL_Driver/stm32f2xx_hal_tim_ex.su ./Drivers/STM32F2xx_HAL_Driver/stm32f2xx_ll_fsmc.cyclo ./Drivers/STM32F2xx_HAL_Driver/stm32f2xx_ll_fsmc.d ./Drivers/STM32F2xx_HAL_Driver/stm32f2xx_ll_fsmc.o ./Drivers/STM32F2xx_HAL_Driver/stm32f2xx_ll_fsmc.su
rm -rf ./Core/Startup/startup_stm32f207zgtx.d ./Core/Startup/startup_stm32f207zgtx.o
rm -rf ./Core/Src/dma.cyclo ./Core/Src/dma.d ./Core/Src/dma.o ./Core/Src/dma.su ./Core/Src/fsmc.cyclo ./Core/Src/fsmc.d ./Core/Src/fsmc.o ./Core/Src/fsmc.su ./Core/Src/gpio.cyclo ./Core/Src/gpio.d ./Core/Src/gpio.o ./Core/Src/gpio.su ./Core/Src/main.cyclo ./Core/Src/main.d ./Core/Src/main.o ./Core/Src/main.su ./Core/Src/stm32f2xx_hal_msp.cyclo ./Core/Src/stm32f2xx_hal_msp.d ./Core/Src/stm32f2xx_hal_msp.o ./Core/Src/stm32f2xx_hal_msp.su ./Core/Src/stm32f2xx_it.cyclo ./Core/Src/stm32f2xx_it.d ./Core/Src/stm32f2xx_it.o ./Core/Src/stm32f2xx_it.su ./Core/Src/syscalls.cyclo ./Core/Src/syscalls.d ./Core/Src/syscalls.o ./Core/Src/syscalls.su ./Core/Src/sysmem.cyclo ./Core/Src/sysmem.d ./Core/Src/sysmem.o ./Core/Src/sysmem.su ./Core/Src/system_stm32f2xx.cyclo ./Core/Src/system_stm32f2xx.d ./Core/Src/system_stm32f2xx.o ./Core/Src/system_stm32f2xx.su
rm -rf 004_FSMC_LCD_ILI9341_16bit.elf 004_FSMC_LCD_ILI9341_16bit.list 004_FSMC_LCD_ILI9341_16bit.map default.size.stdout
 
10:59:29 **** Clean-only build of configuration Debug for project 005_FSMC_LCD_ILI9341_16bit_GFX ****
make -j12 clean 
rm -rf ./loop/loop.cyclo ./loop/loop.d ./loop/loop.o ./loop/loop.su
rm -rf ./ili9341/gfx.cyclo ./ili9341/gfx.d ./ili9341/gfx.o ./ili9341/gfx.su ./ili9341/hardwareMCU.cyclo ./ili9341/hardwareMCU.d ./ili9341/hardwareMCU.o ./ili9341/hardwareMCU.su ./ili9341/ili9341.cyclo ./ili9341/ili9341.d ./ili9341/ili9341.o ./ili9341/ili9341.su
rm -rf ./Drivers/STM32F2xx_HAL_Driver/stm32f2xx_hal.cyclo ./Drivers/STM32F2xx_HAL_Driver/stm32f2xx_hal.d ./Drivers/STM32F2xx_HAL_Driver/stm32f2xx_hal.o ./Drivers/STM32F2xx_HAL_Driver/stm32f2xx_hal.su ./Drivers/STM32F2xx_HAL_Driver/stm32f2xx_hal_cortex.cyclo ./Drivers/STM32F2xx_HAL_Driver/stm32f2xx_hal_cortex.d ./Drivers/STM32F2xx_HAL_Driver/stm32f2xx_hal_cortex.o ./Drivers/STM32F2xx_HAL_Driver/stm32f2xx_hal_cortex.su ./Drivers/STM32F2xx_HAL_Driver/stm32f2xx_hal_dma.cyclo ./Drivers/STM32F2xx_HAL_Driver/stm32f2xx_hal_dma.d ./Drivers/STM32F2xx_HAL_Driver/stm32f2xx_hal_dma.o ./Drivers/STM32F2xx_HAL_Driver/stm32f2xx_hal_dma.su ./Drivers/STM32F2xx_HAL_Driver/stm32f2xx_hal_dma_ex.cyclo ./Drivers/STM32F2xx_HAL_Driver/stm32f2xx_hal_dma_ex.d ./Drivers/STM32F2xx_HAL_Driver/stm32f2xx_hal_dma_ex.o ./Drivers/STM32F2xx_HAL_Driver/stm32f2xx_hal_dma_ex.su ./Drivers/STM32F2xx_HAL_Driver/stm32f2xx_hal_exti.cyclo ./Drivers/STM32F2xx_HAL_Driver/stm32f2xx_hal_exti.d ./Drivers/STM32F2xx_HAL_Driver/stm32f2xx_hal_exti.o ./Drivers/STM32F2xx_HAL_Driver/stm32f2xx_hal_exti.su ./Drivers/STM32F2xx_HAL_Driver/stm32f2xx_hal_flash.cyclo ./Drivers/STM32F2xx_HAL_Driver/stm32f2xx_hal_flash.d ./Drivers/STM32F2xx_HAL_Driver/stm32f2xx_hal_flash.o ./Drivers/STM32F2xx_HAL_Driver/stm32f2xx_hal_flash.su ./Drivers/STM32F2xx_HAL_Driver/stm32f2xx_hal_flash_ex.cyclo ./Drivers/STM32F2xx_HAL_Driver/stm32f2xx_hal_flash_ex.d ./Drivers/STM32F2xx_HAL_Driver/stm32f2xx_hal_flash_ex.o ./Drivers/STM32F2xx_HAL_Driver/stm32f2xx_hal_flash_ex.su ./Drivers/STM32F2xx_HAL_Driver/stm32f2xx_hal_gpio.cyclo ./Drivers/STM32F2xx_HAL_Driver/stm32f2xx_hal_gpio.d ./Drivers/STM32F2xx_HAL_Driver/stm32f2xx_hal_gpio.o ./Drivers/STM32F2xx_HAL_Driver/stm32f2xx_hal_gpio.su ./Drivers/STM32F2xx_HAL_Driver/stm32f2xx_hal_pwr.cyclo ./Drivers/STM32F2xx_HAL_Driver/stm32f2xx_hal_pwr.d ./Drivers/STM32F2xx_HAL_Driver/stm32f2xx_hal_pwr.o ./Drivers/STM32F2xx_HAL_Driver/stm32f2xx_hal_pwr.su ./Drivers/STM32F2xx_HAL_Driver/stm32f2xx_hal_pwr_ex.cyclo ./Drivers/STM32F2xx_HAL_Driver/stm32f2xx_hal_pwr_ex.d ./Drivers/STM32F2xx_HAL_Driver/stm32f2xx_hal_pwr_ex.o ./Drivers/STM32F2xx_HAL_Driver/stm32f2xx_hal_pwr_ex.su ./Drivers/STM32F2xx_HAL_Driver/stm32f2xx_hal_rcc.cyclo ./Drivers/STM32F2xx_HAL_Driver/stm32f2xx_hal_rcc.d ./Drivers/STM32F2xx_HAL_Driver/stm32f2xx_hal_rcc.o ./Drivers/STM32F2xx_HAL_Driver/stm32f2xx_hal_rcc.su ./Drivers/STM32F2xx_HAL_Driver/stm32f2xx_hal_rcc_ex.cyclo ./Drivers/STM32F2xx_HAL_Driver/stm32f2xx_hal_rcc_ex.d ./Drivers/STM32F2xx_HAL_Driver/stm32f2xx_hal_rcc_ex.o ./Drivers/STM32F2xx_HAL_Driver/stm32f2xx_hal_rcc_ex.su ./Drivers/STM32F2xx_HAL_Driver/stm32f2xx_hal_sram.cyclo ./Drivers/STM32F2xx_HAL_Driver/stm32f2xx_hal_sram.d ./Drivers/STM32F2xx_HAL_Driver/stm32f2xx_hal_sram.o ./Drivers/STM32F2xx_HAL_Driver/stm32f2xx_hal_sram.su ./Drivers/STM32F2xx_HAL_Driver/stm32f2xx_hal_tim.cyclo ./Drivers/STM32F2xx_HAL_Driver/stm32f2xx_hal_tim.d ./Drivers/STM32F2xx_HAL_Driver/stm32f2xx_hal_tim.o ./Drivers/STM32F2xx_HAL_Driver/stm32f2xx_hal_tim.su ./Drivers/STM32F2xx_HAL_Driver/stm32f2xx_hal_tim_ex.cyclo ./Drivers/STM32F2xx_HAL_Driver/stm32f2xx_hal_tim_ex.d ./Drivers/STM32F2xx_HAL_Driver/stm32f2xx_hal_tim_ex.o ./Drivers/STM32F2xx_HAL_Driver/stm32f2xx_hal_tim_ex.su ./Drivers/STM32F2xx_HAL_Driver/stm32f2xx_ll_fsmc.cyclo ./Drivers/STM32F2xx_HAL_Driver/stm32f2xx_ll_fsmc.d ./Drivers/STM32F2xx_HAL_Driver/stm32f2xx_ll_fsmc.o ./Drivers/STM32F2xx_HAL_Driver/stm32f2xx_ll_fsmc.su
rm -rf ./Core/Startup/startup_stm32f207zgtx.d ./Core/Startup/startup_stm32f207zgtx.o
rm -rf ./Core/Src/dma.cyclo ./Core/Src/dma.d ./Core/Src/dma.o ./Core/Src/dma.su ./Core/Src/fsmc.cyclo ./Core/Src/fsmc.d ./Core/Src/fsmc.o ./Core/Src/fsmc.su ./Core/Src/gpio.cyclo ./Core/Src/gpio.d ./Core/Src/gpio.o ./Core/Src/gpio.su ./Core/Src/main.cyclo ./Core/Src/main.d ./Core/Src/main.o ./Core/Src/main.su ./Core/Src/stm32f2xx_hal_msp.cyclo ./Core/Src/stm32f2xx_hal_msp.d ./Core/Src/stm32f2xx_hal_msp.o ./Core/Src/stm32f2xx_hal_msp.su ./Core/Src/stm32f2xx_it.cyclo ./Core/Src/stm32f2xx_it.d ./Core/Src/stm32f2xx_it.o ./Core/Src/stm32f2xx_it.su ./Core/Src/syscalls.cyclo ./Core/Src/syscalls.d ./Core/Src/syscalls.o ./Core/Src/syscalls.su ./Core/Src/sysmem.cyclo ./Core/Src/sysmem.d ./Core/Src/sysmem.o ./Core/Src/sysmem.su ./Core/Src/system_stm32f2xx.cyclo ./Core/Src/system_stm32f2xx.d ./Core/Src/system_stm32f2xx.o ./Core/Src/system_stm32f2xx.su
rm -rf 004_FSMC_LCD_ILI9341_16bit.elf 004_FSMC_LCD_ILI9341_16bit.list 004_FSMC_LCD_ILI9341_16bit.map default.size.stdout
 
10:59:29 **** Build of configuration Debug for project 005_FSMC_LCD_ILI9341_16bit_GFX ****
make -j12 all 
arm-none-eabi-gcc "../loop/loop.c" -mcpu=cortex-m3 -std=gnu11 -g3 -DDEBUG -DUSE_HAL_DRIVER -DSTM32F207xx -c -I../Core/Inc -ID:/050_STM32/Repository/STM32Cube_FW_F2_V1.9.3/Drivers/STM32F2xx_HAL_Driver/Inc -ID:/050_STM32/Repository/STM32Cube_FW_F2_V1.9.3/Drivers/STM32F2xx_HAL_Driver/Inc/Legacy -ID:/050_STM32/Repository/STM32Cube_FW_F2_V1.9.3/Drivers/CMSIS/Device/ST/STM32F2xx/Include -ID:/050_STM32/Repository/STM32Cube_FW_F2_V1.9.3/Drivers/CMSIS/Include -O0 -ffunction-sections -fdata-sections -Wall -fstack-usage -fcyclomatic-complexity -MMD -MP -MF"loop/loop.d" -MT"loop/loop.o" --specs=nano.specs -mfloat-abi=soft -mthumb -o "loop/loop.o"
arm-none-eabi-gcc "../ili9341/gfx.c" -mcpu=cortex-m3 -std=gnu11 -g3 -DDEBUG -DUSE_HAL_DRIVER -DSTM32F207xx -c -I../Core/Inc -ID:/050_STM32/Repository/STM32Cube_FW_F2_V1.9.3/Drivers/STM32F2xx_HAL_Driver/Inc -ID:/050_STM32/Repository/STM32Cube_FW_F2_V1.9.3/Drivers/STM32F2xx_HAL_Driver/Inc/Legacy -ID:/050_STM32/Repository/STM32Cube_FW_F2_V1.9.3/Drivers/CMSIS/Device/ST/STM32F2xx/Include -ID:/050_STM32/Repository/STM32Cube_FW_F2_V1.9.3/Drivers/CMSIS/Include -O0 -ffunction-sections -fdata-sections -Wall -fstack-usage -fcyclomatic-complexity -MMD -MP -MF"ili9341/gfx.d" -MT"ili9341/gfx.o" --specs=nano.specs -mfloat-abi=soft -mthumb -o "ili9341/gfx.o"
arm-none-eabi-gcc "../ili9341/hardwareMCU.c" -mcpu=cortex-m3 -std=gnu11 -g3 -DDEBUG -DUSE_HAL_DRIVER -DSTM32F207xx -c -I../Core/Inc -ID:/050_STM32/Repository/STM32Cube_FW_F2_V1.9.3/Drivers/STM32F2xx_HAL_Driver/Inc -ID:/050_STM32/Repository/STM32Cube_FW_F2_V1.9.3/Drivers/STM32F2xx_HAL_Driver/Inc/Legacy -ID:/050_STM32/Repository/STM32Cube_FW_F2_V1.9.3/Drivers/CMSIS/Device/ST/STM32F2xx/Include -ID:/050_STM32/Repository/STM32Cube_FW_F2_V1.9.3/Drivers/CMSIS/Include -O0 -ffunction-sections -fdata-sections -Wall -fstack-usage -fcyclomatic-complexity -MMD -MP -MF"ili9341/hardwareMCU.d" -MT"ili9341/hardwareMCU.o" --specs=nano.specs -mfloat-abi=soft -mthumb -o "ili9341/hardwareMCU.o"
arm-none-eabi-gcc "../ili9341/ili9341.c" -mcpu=cortex-m3 -std=gnu11 -g3 -DDEBUG -DUSE_HAL_DRIVER -DSTM32F207xx -c -I../Core/Inc -ID:/050_STM32/Repository/STM32Cube_FW_F2_V1.9.3/Drivers/STM32F2xx_HAL_Driver/Inc -ID:/050_STM32/Repository/STM32Cube_FW_F2_V1.9.3/Drivers/STM32F2xx_HAL_Driver/Inc/Legacy -ID:/050_STM32/Repository/STM32Cube_FW_F2_V1.9.3/Drivers/CMSIS/Device/ST/STM32F2xx/Include -ID:/050_STM32/Repository/STM32Cube_FW_F2_V1.9.3/Drivers/CMSIS/Include -O0 -ffunction-sections -fdata-sections -Wall -fstack-usage -fcyclomatic-complexity -MMD -MP -MF"ili9341/ili9341.d" -MT"ili9341/ili9341.o" --specs=nano.specs -mfloat-abi=soft -mthumb -o "ili9341/ili9341.o"
arm-none-eabi-gcc "D:/050_STM32/Repository/STM32Cube_FW_F2_V1.9.3/Drivers/STM32F2xx_HAL_Driver/Src/stm32f2xx_hal.c" -mcpu=cortex-m3 -std=gnu11 -g3 -DDEBUG -DUSE_HAL_DRIVER -DSTM32F207xx -c -I../Core/Inc -ID:/050_STM32/Repository/STM32Cube_FW_F2_V1.9.3/Drivers/STM32F2xx_HAL_Driver/Inc -ID:/050_STM32/Repository/STM32Cube_FW_F2_V1.9.3/Drivers/STM32F2xx_HAL_Driver/Inc/Legacy -ID:/050_STM32/Repository/STM32Cube_FW_F2_V1.9.3/Drivers/CMSIS/Device/ST/STM32F2xx/Include -ID:/050_STM32/Repository/STM32Cube_FW_F2_V1.9.3/Drivers/CMSIS/Include -O0 -ffunction-sections -fdata-sections -Wall -fstack-usage -fcyclomatic-complexity -MMD -MP -MF"Drivers/STM32F2xx_HAL_Driver/stm32f2xx_hal.d" -MT"Drivers/STM32F2xx_HAL_Driver/stm32f2xx_hal.o" --specs=nano.specs -mfloat-abi=soft -mthumb -o "Drivers/STM32F2xx_HAL_Driver/stm32f2xx_hal.o"
arm-none-eabi-gcc "D:/050_STM32/Repository/STM32Cube_FW_F2_V1.9.3/Drivers/STM32F2xx_HAL_Driver/Src/stm32f2xx_hal_cortex.c" -mcpu=cortex-m3 -std=gnu11 -g3 -DDEBUG -DUSE_HAL_DRIVER -DSTM32F207xx -c -I../Core/Inc -ID:/050_STM32/Repository/STM32Cube_FW_F2_V1.9.3/Drivers/STM32F2xx_HAL_Driver/Inc -ID:/050_STM32/Repository/STM32Cube_FW_F2_V1.9.3/Drivers/STM32F2xx_HAL_Driver/Inc/Legacy -ID:/050_STM32/Repository/STM32Cube_FW_F2_V1.9.3/Drivers/CMSIS/Device/ST/STM32F2xx/Include -ID:/050_STM32/Repository/STM32Cube_FW_F2_V1.9.3/Drivers/CMSIS/Include -O0 -ffunction-sections -fdata-sections -Wall -fstack-usage -fcyclomatic-complexity -MMD -MP -MF"Drivers/STM32F2xx_HAL_Driver/stm32f2xx_hal_cortex.d" -MT"Drivers/STM32F2xx_HAL_Driver/stm32f2xx_hal_cortex.o" --specs=nano.specs -mfloat-abi=soft -mthumb -o "Drivers/STM32F2xx_HAL_Driver/stm32f2xx_hal_cortex.o"
arm-none-eabi-gcc "D:/050_STM32/Repository/STM32Cube_FW_F2_V1.9.3/Drivers/STM32F2xx_HAL_Driver/Src/stm32f2xx_hal_dma.c" -mcpu=cortex-m3 -std=gnu11 -g3 -DDEBUG -DUSE_HAL_DRIVER -DSTM32F207xx -c -I../Core/Inc -ID:/050_STM32/Repository/STM32Cube_FW_F2_V1.9.3/Drivers/STM32F2xx_HAL_Driver/Inc -ID:/050_STM32/Repository/STM32Cube_FW_F2_V1.9.3/Drivers/STM32F2xx_HAL_Driver/Inc/Legacy -ID:/050_STM32/Repository/STM32Cube_FW_F2_V1.9.3/Drivers/CMSIS/Device/ST/STM32F2xx/Include -ID:/050_STM32/Repository/STM32Cube_FW_F2_V1.9.3/Drivers/CMSIS/Include -O0 -ffunction-sections -fdata-sections -Wall -fstack-usage -fcyclomatic-complexity -MMD -MP -MF"Drivers/STM32F2xx_HAL_Driver/stm32f2xx_hal_dma.d" -MT"Drivers/STM32F2xx_HAL_Driver/stm32f2xx_hal_dma.o" --specs=nano.specs -mfloat-abi=soft -mthumb -o "Drivers/STM32F2xx_HAL_Driver/stm32f2xx_hal_dma.o"
arm-none-eabi-gcc "D:/050_STM32/Repository/STM32Cube_FW_F2_V1.9.3/Drivers/STM32F2xx_HAL_Driver/Src/stm32f2xx_hal_dma_ex.c" -mcpu=cortex-m3 -std=gnu11 -g3 -DDEBUG -DUSE_HAL_DRIVER -DSTM32F207xx -c -I../Core/Inc -ID:/050_STM32/Repository/STM32Cube_FW_F2_V1.9.3/Drivers/STM32F2xx_HAL_Driver/Inc -ID:/050_STM32/Repository/STM32Cube_FW_F2_V1.9.3/Drivers/STM32F2xx_HAL_Driver/Inc/Legacy -ID:/050_STM32/Repository/STM32Cube_FW_F2_V1.9.3/Drivers/CMSIS/Device/ST/STM32F2xx/Include -ID:/050_STM32/Repository/STM32Cube_FW_F2_V1.9.3/Drivers/CMSIS/Include -O0 -ffunction-sections -fdata-sections -Wall -fstack-usage -fcyclomatic-complexity -MMD -MP -MF"Drivers/STM32F2xx_HAL_Driver/stm32f2xx_hal_dma_ex.d" -MT"Drivers/STM32F2xx_HAL_Driver/stm32f2xx_hal_dma_ex.o" --specs=nano.specs -mfloat-abi=soft -mthumb -o "Drivers/STM32F2xx_HAL_Driver/stm32f2xx_hal_dma_ex.o"
arm-none-eabi-gcc "D:/050_STM32/Repository/STM32Cube_FW_F2_V1.9.3/Drivers/STM32F2xx_HAL_Driver/Src/stm32f2xx_hal_exti.c" -mcpu=cortex-m3 -std=gnu11 -g3 -DDEBUG -DUSE_HAL_DRIVER -DSTM32F207xx -c -I../Core/Inc -ID:/050_STM32/Repository/STM32Cube_FW_F2_V1.9.3/Drivers/STM32F2xx_HAL_Driver/Inc -ID:/050_STM32/Repository/STM32Cube_FW_F2_V1.9.3/Drivers/STM32F2xx_HAL_Driver/Inc/Legacy -ID:/050_STM32/Repository/STM32Cube_FW_F2_V1.9.3/Drivers/CMSIS/Device/ST/STM32F2xx/Include -ID:/050_STM32/Repository/STM32Cube_FW_F2_V1.9.3/Drivers/CMSIS/Include -O0 -ffunction-sections -fdata-sections -Wall -fstack-usage -fcyclomatic-complexity -MMD -MP -MF"Drivers/STM32F2xx_HAL_Driver/stm32f2xx_hal_exti.d" -MT"Drivers/STM32F2xx_HAL_Driver/stm32f2xx_hal_exti.o" --specs=nano.specs -mfloat-abi=soft -mthumb -o "Drivers/STM32F2xx_HAL_Driver/stm32f2xx_hal_exti.o"
arm-none-eabi-gcc "D:/050_STM32/Repository/STM32Cube_FW_F2_V1.9.3/Drivers/STM32F2xx_HAL_Driver/Src/stm32f2xx_hal_flash.c" -mcpu=cortex-m3 -std=gnu11 -g3 -DDEBUG -DUSE_HAL_DRIVER -DSTM32F207xx -c -I../Core/Inc -ID:/050_STM32/Repository/STM32Cube_FW_F2_V1.9.3/Drivers/STM32F2xx_HAL_Driver/Inc -ID:/050_STM32/Repository/STM32Cube_FW_F2_V1.9.3/Drivers/STM32F2xx_HAL_Driver/Inc/Legacy -ID:/050_STM32/Repository/STM32Cube_FW_F2_V1.9.3/Drivers/CMSIS/Device/ST/STM32F2xx/Include -ID:/050_STM32/Repository/STM32Cube_FW_F2_V1.9.3/Drivers/CMSIS/Include -O0 -ffunction-sections -fdata-sections -Wall -fstack-usage -fcyclomatic-complexity -MMD -MP -MF"Drivers/STM32F2xx_HAL_Driver/stm32f2xx_hal_flash.d" -MT"Drivers/STM32F2xx_HAL_Driver/stm32f2xx_hal_flash.o" --specs=nano.specs -mfloat-abi=soft -mthumb -o "Drivers/STM32F2xx_HAL_Driver/stm32f2xx_hal_flash.o"
arm-none-eabi-gcc "D:/050_STM32/Repository/STM32Cube_FW_F2_V1.9.3/Drivers/STM32F2xx_HAL_Driver/Src/stm32f2xx_hal_flash_ex.c" -mcpu=cortex-m3 -std=gnu11 -g3 -DDEBUG -DUSE_HAL_DRIVER -DSTM32F207xx -c -I../Core/Inc -ID:/050_STM32/Repository/STM32Cube_FW_F2_V1.9.3/Drivers/STM32F2xx_HAL_Driver/Inc -ID:/050_STM32/Repository/STM32Cube_FW_F2_V1.9.3/Drivers/STM32F2xx_HAL_Driver/Inc/Legacy -ID:/050_STM32/Repository/STM32Cube_FW_F2_V1.9.3/Drivers/CMSIS/Device/ST/STM32F2xx/Include -ID:/050_STM32/Repository/STM32Cube_FW_F2_V1.9.3/Drivers/CMSIS/Include -O0 -ffunction-sections -fdata-sections -Wall -fstack-usage -fcyclomatic-complexity -MMD -MP -MF"Drivers/STM32F2xx_HAL_Driver/stm32f2xx_hal_flash_ex.d" -MT"Drivers/STM32F2xx_HAL_Driver/stm32f2xx_hal_flash_ex.o" --specs=nano.specs -mfloat-abi=soft -mthumb -o "Drivers/STM32F2xx_HAL_Driver/stm32f2xx_hal_flash_ex.o"
arm-none-eabi-gcc "D:/050_STM32/Repository/STM32Cube_FW_F2_V1.9.3/Drivers/STM32F2xx_HAL_Driver/Src/stm32f2xx_hal_gpio.c" -mcpu=cortex-m3 -std=gnu11 -g3 -DDEBUG -DUSE_HAL_DRIVER -DSTM32F207xx -c -I../Core/Inc -ID:/050_STM32/Repository/STM32Cube_FW_F2_V1.9.3/Drivers/STM32F2xx_HAL_Driver/Inc -ID:/050_STM32/Repository/STM32Cube_FW_F2_V1.9.3/Drivers/STM32F2xx_HAL_Driver/Inc/Legacy -ID:/050_STM32/Repository/STM32Cube_FW_F2_V1.9.3/Drivers/CMSIS/Device/ST/STM32F2xx/Include -ID:/050_STM32/Repository/STM32Cube_FW_F2_V1.9.3/Drivers/CMSIS/Include -O0 -ffunction-sections -fdata-sections -Wall -fstack-usage -fcyclomatic-complexity -MMD -MP -MF"Drivers/STM32F2xx_HAL_Driver/stm32f2xx_hal_gpio.d" -MT"Drivers/STM32F2xx_HAL_Driver/stm32f2xx_hal_gpio.o" --specs=nano.specs -mfloat-abi=soft -mthumb -o "Drivers/STM32F2xx_HAL_Driver/stm32f2xx_hal_gpio.o"
arm-none-eabi-gcc "D:/050_STM32/Repository/STM32Cube_FW_F2_V1.9.3/Drivers/STM32F2xx_HAL_Driver/Src/stm32f2xx_hal_pwr.c" -mcpu=cortex-m3 -std=gnu11 -g3 -DDEBUG -DUSE_HAL_DRIVER -DSTM32F207xx -c -I../Core/Inc -ID:/050_STM32/Repository/STM32Cube_FW_F2_V1.9.3/Drivers/STM32F2xx_HAL_Driver/Inc -ID:/050_STM32/Repository/STM32Cube_FW_F2_V1.9.3/Drivers/STM32F2xx_HAL_Driver/Inc/Legacy -ID:/050_STM32/Repository/STM32Cube_FW_F2_V1.9.3/Drivers/CMSIS/Device/ST/STM32F2xx/Include -ID:/050_STM32/Repository/STM32Cube_FW_F2_V1.9.3/Drivers/CMSIS/Include -O0 -ffunction-sections -fdata-sections -Wall -fstack-usage -fcyclomatic-complexity -MMD -MP -MF"Drivers/STM32F2xx_HAL_Driver/stm32f2xx_hal_pwr.d" -MT"Drivers/STM32F2xx_HAL_Driver/stm32f2xx_hal_pwr.o" --specs=nano.specs -mfloat-abi=soft -mthumb -o "Drivers/STM32F2xx_HAL_Driver/stm32f2xx_hal_pwr.o"
arm-none-eabi-gcc "D:/050_STM32/Repository/STM32Cube_FW_F2_V1.9.3/Drivers/STM32F2xx_HAL_Driver/Src/stm32f2xx_hal_pwr_ex.c" -mcpu=cortex-m3 -std=gnu11 -g3 -DDEBUG -DUSE_HAL_DRIVER -DSTM32F207xx -c -I../Core/Inc -ID:/050_STM32/Repository/STM32Cube_FW_F2_V1.9.3/Drivers/STM32F2xx_HAL_Driver/Inc -ID:/050_STM32/Repository/STM32Cube_FW_F2_V1.9.3/Drivers/STM32F2xx_HAL_Driver/Inc/Legacy -ID:/050_STM32/Repository/STM32Cube_FW_F2_V1.9.3/Drivers/CMSIS/Device/ST/STM32F2xx/Include -ID:/050_STM32/Repository/STM32Cube_FW_F2_V1.9.3/Drivers/CMSIS/Include -O0 -ffunction-sections -fdata-sections -Wall -fstack-usage -fcyclomatic-complexity -MMD -MP -MF"Drivers/STM32F2xx_HAL_Driver/stm32f2xx_hal_pwr_ex.d" -MT"Drivers/STM32F2xx_HAL_Driver/stm32f2xx_hal_pwr_ex.o" --specs=nano.specs -mfloat-abi=soft -mthumb -o "Drivers/STM32F2xx_HAL_Driver/stm32f2xx_hal_pwr_ex.o"
arm-none-eabi-gcc "D:/050_STM32/Repository/STM32Cube_FW_F2_V1.9.3/Drivers/STM32F2xx_HAL_Driver/Src/stm32f2xx_hal_rcc.c" -mcpu=cortex-m3 -std=gnu11 -g3 -DDEBUG -DUSE_HAL_DRIVER -DSTM32F207xx -c -I../Core/Inc -ID:/050_STM32/Repository/STM32Cube_FW_F2_V1.9.3/Drivers/STM32F2xx_HAL_Driver/Inc -ID:/050_STM32/Repository/STM32Cube_FW_F2_V1.9.3/Drivers/STM32F2xx_HAL_Driver/Inc/Legacy -ID:/050_STM32/Repository/STM32Cube_FW_F2_V1.9.3/Drivers/CMSIS/Device/ST/STM32F2xx/Include -ID:/050_STM32/Repository/STM32Cube_FW_F2_V1.9.3/Drivers/CMSIS/Include -O0 -ffunction-sections -fdata-sections -Wall -fstack-usage -fcyclomatic-complexity -MMD -MP -MF"Drivers/STM32F2xx_HAL_Driver/stm32f2xx_hal_rcc.d" -MT"Drivers/STM32F2xx_HAL_Driver/stm32f2xx_hal_rcc.o" --specs=nano.specs -mfloat-abi=soft -mthumb -o "Drivers/STM32F2xx_HAL_Driver/stm32f2xx_hal_rcc.o"
arm-none-eabi-gcc "D:/050_STM32/Repository/STM32Cube_FW_F2_V1.9.3/Drivers/STM32F2xx_HAL_Driver/Src/stm32f2xx_hal_rcc_ex.c" -mcpu=cortex-m3 -std=gnu11 -g3 -DDEBUG -DUSE_HAL_DRIVER -DSTM32F207xx -c -I../Core/Inc -ID:/050_STM32/Repository/STM32Cube_FW_F2_V1.9.3/Drivers/STM32F2xx_HAL_Driver/Inc -ID:/050_STM32/Repository/STM32Cube_FW_F2_V1.9.3/Drivers/STM32F2xx_HAL_Driver/Inc/Legacy -ID:/050_STM32/Repository/STM32Cube_FW_F2_V1.9.3/Drivers/CMSIS/Device/ST/STM32F2xx/Include -ID:/050_STM32/Repository/STM32Cube_FW_F2_V1.9.3/Drivers/CMSIS/Include -O0 -ffunction-sections -fdata-sections -Wall -fstack-usage -fcyclomatic-complexity -MMD -MP -MF"Drivers/STM32F2xx_HAL_Driver/stm32f2xx_hal_rcc_ex.d" -MT"Drivers/STM32F2xx_HAL_Driver/stm32f2xx_hal_rcc_ex.o" --specs=nano.specs -mfloat-abi=soft -mthumb -o "Drivers/STM32F2xx_HAL_Driver/stm32f2xx_hal_rcc_ex.o"
arm-none-eabi-gcc "D:/050_STM32/Repository/STM32Cube_FW_F2_V1.9.3/Drivers/STM32F2xx_HAL_Driver/Src/stm32f2xx_hal_sram.c" -mcpu=cortex-m3 -std=gnu11 -g3 -DDEBUG -DUSE_HAL_DRIVER -DSTM32F207xx -c -I../Core/Inc -ID:/050_STM32/Repository/STM32Cube_FW_F2_V1.9.3/Drivers/STM32F2xx_HAL_Driver/Inc -ID:/050_STM32/Repository/STM32Cube_FW_F2_V1.9.3/Drivers/STM32F2xx_HAL_Driver/Inc/Legacy -ID:/050_STM32/Repository/STM32Cube_FW_F2_V1.9.3/Drivers/CMSIS/Device/ST/STM32F2xx/Include -ID:/050_STM32/Repository/STM32Cube_FW_F2_V1.9.3/Drivers/CMSIS/Include -O0 -ffunction-sections -fdata-sections -Wall -fstack-usage -fcyclomatic-complexity -MMD -MP -MF"Drivers/STM32F2xx_HAL_Driver/stm32f2xx_hal_sram.d" -MT"Drivers/STM32F2xx_HAL_Driver/stm32f2xx_hal_sram.o" --specs=nano.specs -mfloat-abi=soft -mthumb -o "Drivers/STM32F2xx_HAL_Driver/stm32f2xx_hal_sram.o"
arm-none-eabi-gcc "D:/050_STM32/Repository/STM32Cube_FW_F2_V1.9.3/Drivers/STM32F2xx_HAL_Driver/Src/stm32f2xx_hal_tim.c" -mcpu=cortex-m3 -std=gnu11 -g3 -DDEBUG -DUSE_HAL_DRIVER -DSTM32F207xx -c -I../Core/Inc -ID:/050_STM32/Repository/STM32Cube_FW_F2_V1.9.3/Drivers/STM32F2xx_HAL_Driver/Inc -ID:/050_STM32/Repository/STM32Cube_FW_F2_V1.9.3/Drivers/STM32F2xx_HAL_Driver/Inc/Legacy -ID:/050_STM32/Repository/STM32Cube_FW_F2_V1.9.3/Drivers/CMSIS/Device/ST/STM32F2xx/Include -ID:/050_STM32/Repository/STM32Cube_FW_F2_V1.9.3/Drivers/CMSIS/Include -O0 -ffunction-sections -fdata-sections -Wall -fstack-usage -fcyclomatic-complexity -MMD -MP -MF"Drivers/STM32F2xx_HAL_Driver/stm32f2xx_hal_tim.d" -MT"Drivers/STM32F2xx_HAL_Driver/stm32f2xx_hal_tim.o" --specs=nano.specs -mfloat-abi=soft -mthumb -o "Drivers/STM32F2xx_HAL_Driver/stm32f2xx_hal_tim.o"
arm-none-eabi-gcc "D:/050_STM32/Repository/STM32Cube_FW_F2_V1.9.3/Drivers/STM32F2xx_HAL_Driver/Src/stm32f2xx_hal_tim_ex.c" -mcpu=cortex-m3 -std=gnu11 -g3 -DDEBUG -DUSE_HAL_DRIVER -DSTM32F207xx -c -I../Core/Inc -ID:/050_STM32/Repository/STM32Cube_FW_F2_V1.9.3/Drivers/STM32F2xx_HAL_Driver/Inc -ID:/050_STM32/Repository/STM32Cube_FW_F2_V1.9.3/Drivers/STM32F2xx_HAL_Driver/Inc/Legacy -ID:/050_STM32/Repository/STM32Cube_FW_F2_V1.9.3/Drivers/CMSIS/Device/ST/STM32F2xx/Include -ID:/050_STM32/Repository/STM32Cube_FW_F2_V1.9.3/Drivers/CMSIS/Include -O0 -ffunction-sections -fdata-sections -Wall -fstack-usage -fcyclomatic-complexity -MMD -MP -MF"Drivers/STM32F2xx_HAL_Driver/stm32f2xx_hal_tim_ex.d" -MT"Drivers/STM32F2xx_HAL_Driver/stm32f2xx_hal_tim_ex.o" --specs=nano.specs -mfloat-abi=soft -mthumb -o "Drivers/STM32F2xx_HAL_Driver/stm32f2xx_hal_tim_ex.o"
arm-none-eabi-gcc "D:/050_STM32/Repository/STM32Cube_FW_F2_V1.9.3/Drivers/STM32F2xx_HAL_Driver/Src/stm32f2xx_ll_fsmc.c" -mcpu=cortex-m3 -std=gnu11 -g3 -DDEBUG -DUSE_HAL_DRIVER -DSTM32F207xx -c -I../Core/Inc -ID:/050_STM32/Repository/STM32Cube_FW_F2_V1.9.3/Drivers/STM32F2xx_HAL_Driver/Inc -ID:/050_STM32/Repository/STM32Cube_FW_F2_V1.9.3/Drivers/STM32F2xx_HAL_Driver/Inc/Legacy -ID:/050_STM32/Repository/STM32Cube_FW_F2_V1.9.3/Drivers/CMSIS/Device/ST/STM32F2xx/Include -ID:/050_STM32/Repository/STM32Cube_FW_F2_V1.9.3/Drivers/CMSIS/Include -O0 -ffunction-sections -fdata-sections -Wall -fstack-usage -fcyclomatic-complexity -MMD -MP -MF"Drivers/STM32F2xx_HAL_Driver/stm32f2xx_ll_fsmc.d" -MT"Drivers/STM32F2xx_HAL_Driver/stm32f2xx_ll_fsmc.o" --specs=nano.specs -mfloat-abi=soft -mthumb -o "Drivers/STM32F2xx_HAL_Driver/stm32f2xx_ll_fsmc.o"
arm-none-eabi-gcc -mcpu=cortex-m3 -g3 -DDEBUG -c -x assembler-with-cpp -MMD -MP -MF"Core/Startup/startup_stm32f207zgtx.d" -MT"Core/Startup/startup_stm32f207zgtx.o" --specs=nano.specs -mfloat-abi=soft -mthumb -o "Core/Startup/startup_stm32f207zgtx.o" "../Core/Startup/startup_stm32f207zgtx.s"
arm-none-eabi-gcc "../Core/Src/dma.c" -mcpu=cortex-m3 -std=gnu11 -g3 -DDEBUG -DUSE_HAL_DRIVER -DSTM32F207xx -c -I../Core/Inc -ID:/050_STM32/Repository/STM32Cube_FW_F2_V1.9.3/Drivers/STM32F2xx_HAL_Driver/Inc -ID:/050_STM32/Repository/STM32Cube_FW_F2_V1.9.3/Drivers/STM32F2xx_HAL_Driver/Inc/Legacy -ID:/050_STM32/Repository/STM32Cube_FW_F2_V1.9.3/Drivers/CMSIS/Device/ST/STM32F2xx/Include -ID:/050_STM32/Repository/STM32Cube_FW_F2_V1.9.3/Drivers/CMSIS/Include -O0 -ffunction-sections -fdata-sections -Wall -fstack-usage -fcyclomatic-complexity -MMD -MP -MF"Core/Src/dma.d" -MT"Core/Src/dma.o" --specs=nano.specs -mfloat-abi=soft -mthumb -o "Core/Src/dma.o"
arm-none-eabi-gcc "../Core/Src/fsmc.c" -mcpu=cortex-m3 -std=gnu11 -g3 -DDEBUG -DUSE_HAL_DRIVER -DSTM32F207xx -c -I../Core/Inc -ID:/050_STM32/Repository/STM32Cube_FW_F2_V1.9.3/Drivers/STM32F2xx_HAL_Driver/Inc -ID:/050_STM32/Repository/STM32Cube_FW_F2_V1.9.3/Drivers/STM32F2xx_HAL_Driver/Inc/Legacy -ID:/050_STM32/Repository/STM32Cube_FW_F2_V1.9.3/Drivers/CMSIS/Device/ST/STM32F2xx/Include -ID:/050_STM32/Repository/STM32Cube_FW_F2_V1.9.3/Drivers/CMSIS/Include -O0 -ffunction-sections -fdata-sections -Wall -fstack-usage -fcyclomatic-complexity -MMD -MP -MF"Core/Src/fsmc.d" -MT"Core/Src/fsmc.o" --specs=nano.specs -mfloat-abi=soft -mthumb -o "Core/Src/fsmc.o"
arm-none-eabi-gcc "../Core/Src/gpio.c" -mcpu=cortex-m3 -std=gnu11 -g3 -DDEBUG -DUSE_HAL_DRIVER -DSTM32F207xx -c -I../Core/Inc -ID:/050_STM32/Repository/STM32Cube_FW_F2_V1.9.3/Drivers/STM32F2xx_HAL_Driver/Inc -ID:/050_STM32/Repository/STM32Cube_FW_F2_V1.9.3/Drivers/STM32F2xx_HAL_Driver/Inc/Legacy -ID:/050_STM32/Repository/STM32Cube_FW_F2_V1.9.3/Drivers/CMSIS/Device/ST/STM32F2xx/Include -ID:/050_STM32/Repository/STM32Cube_FW_F2_V1.9.3/Drivers/CMSIS/Include -O0 -ffunction-sections -fdata-sections -Wall -fstack-usage -fcyclomatic-complexity -MMD -MP -MF"Core/Src/gpio.d" -MT"Core/Src/gpio.o" --specs=nano.specs -mfloat-abi=soft -mthumb -o "Core/Src/gpio.o"
arm-none-eabi-gcc "../Core/Src/main.c" -mcpu=cortex-m3 -std=gnu11 -g3 -DDEBUG -DUSE_HAL_DRIVER -DSTM32F207xx -c -I../Core/Inc -ID:/050_STM32/Repository/STM32Cube_FW_F2_V1.9.3/Drivers/STM32F2xx_HAL_Driver/Inc -ID:/050_STM32/Repository/STM32Cube_FW_F2_V1.9.3/Drivers/STM32F2xx_HAL_Driver/Inc/Legacy -ID:/050_STM32/Repository/STM32Cube_FW_F2_V1.9.3/Drivers/CMSIS/Device/ST/STM32F2xx/Include -ID:/050_STM32/Repository/STM32Cube_FW_F2_V1.9.3/Drivers/CMSIS/Include -O0 -ffunction-sections -fdata-sections -Wall -fstack-usage -fcyclomatic-complexity -MMD -MP -MF"Core/Src/main.d" -MT"Core/Src/main.o" --specs=nano.specs -mfloat-abi=soft -mthumb -o "Core/Src/main.o"
arm-none-eabi-gcc "../Core/Src/stm32f2xx_hal_msp.c" -mcpu=cortex-m3 -std=gnu11 -g3 -DDEBUG -DUSE_HAL_DRIVER -DSTM32F207xx -c -I../Core/Inc -ID:/050_STM32/Repository/STM32Cube_FW_F2_V1.9.3/Drivers/STM32F2xx_HAL_Driver/Inc -ID:/050_STM32/Repository/STM32Cube_FW_F2_V1.9.3/Drivers/STM32F2xx_HAL_Driver/Inc/Legacy -ID:/050_STM32/Repository/STM32Cube_FW_F2_V1.9.3/Drivers/CMSIS/Device/ST/STM32F2xx/Include -ID:/050_STM32/Repository/STM32Cube_FW_F2_V1.9.3/Drivers/CMSIS/Include -O0 -ffunction-sections -fdata-sections -Wall -fstack-usage -fcyclomatic-complexity -MMD -MP -MF"Core/Src/stm32f2xx_hal_msp.d" -MT"Core/Src/stm32f2xx_hal_msp.o" --specs=nano.specs -mfloat-abi=soft -mthumb -o "Core/Src/stm32f2xx_hal_msp.o"
arm-none-eabi-gcc "../Core/Src/stm32f2xx_it.c" -mcpu=cortex-m3 -std=gnu11 -g3 -DDEBUG -DUSE_HAL_DRIVER -DSTM32F207xx -c -I../Core/Inc -ID:/050_STM32/Repository/STM32Cube_FW_F2_V1.9.3/Drivers/STM32F2xx_HAL_Driver/Inc -ID:/050_STM32/Repository/STM32Cube_FW_F2_V1.9.3/Drivers/STM32F2xx_HAL_Driver/Inc/Legacy -ID:/050_STM32/Repository/STM32Cube_FW_F2_V1.9.3/Drivers/CMSIS/Device/ST/STM32F2xx/Include -ID:/050_STM32/Repository/STM32Cube_FW_F2_V1.9.3/Drivers/CMSIS/Include -O0 -ffunction-sections -fdata-sections -Wall -fstack-usage -fcyclomatic-complexity -MMD -MP -MF"Core/Src/stm32f2xx_it.d" -MT"Core/Src/stm32f2xx_it.o" --specs=nano.specs -mfloat-abi=soft -mthumb -o "Core/Src/stm32f2xx_it.o"
arm-none-eabi-gcc "../Core/Src/syscalls.c" -mcpu=cortex-m3 -std=gnu11 -g3 -DDEBUG -DUSE_HAL_DRIVER -DSTM32F207xx -c -I../Core/Inc -ID:/050_STM32/Repository/STM32Cube_FW_F2_V1.9.3/Drivers/STM32F2xx_HAL_Driver/Inc -ID:/050_STM32/Repository/STM32Cube_FW_F2_V1.9.3/Drivers/STM32F2xx_HAL_Driver/Inc/Legacy -ID:/050_STM32/Repository/STM32Cube_FW_F2_V1.9.3/Drivers/CMSIS/Device/ST/STM32F2xx/Include -ID:/050_STM32/Repository/STM32Cube_FW_F2_V1.9.3/Drivers/CMSIS/Include -O0 -ffunction-sections -fdata-sections -Wall -fstack-usage -fcyclomatic-complexity -MMD -MP -MF"Core/Src/syscalls.d" -MT"Core/Src/syscalls.o" --specs=nano.specs -mfloat-abi=soft -mthumb -o "Core/Src/syscalls.o"
arm-none-eabi-gcc "../Core/Src/sysmem.c" -mcpu=cortex-m3 -std=gnu11 -g3 -DDEBUG -DUSE_HAL_DRIVER -DSTM32F207xx -c -I../Core/Inc -ID:/050_STM32/Repository/STM32Cube_FW_F2_V1.9.3/Drivers/STM32F2xx_HAL_Driver/Inc -ID:/050_STM32/Repository/STM32Cube_FW_F2_V1.9.3/Drivers/STM32F2xx_HAL_Driver/Inc/Legacy -ID:/050_STM32/Repository/STM32Cube_FW_F2_V1.9.3/Drivers/CMSIS/Device/ST/STM32F2xx/Include -ID:/050_STM32/Repository/STM32Cube_FW_F2_V1.9.3/Drivers/CMSIS/Include -O0 -ffunction-sections -fdata-sections -Wall -fstack-usage -fcyclomatic-complexity -MMD -MP -MF"Core/Src/sysmem.d" -MT"Core/Src/sysmem.o" --specs=nano.specs -mfloat-abi=soft -mthumb -o "Core/Src/sysmem.o"
arm-none-eabi-gcc "../Core/Src/system_stm32f2xx.c" -mcpu=cortex-m3 -std=gnu11 -g3 -DDEBUG -DUSE_HAL_DRIVER -DSTM32F207xx -c -I../Core/Inc -ID:/050_STM32/Repository/STM32Cube_FW_F2_V1.9.3/Drivers/STM32F2xx_HAL_Driver/Inc -ID:/050_STM32/Repository/STM32Cube_FW_F2_V1.9.3/Drivers/STM32F2xx_HAL_Driver/Inc/Legacy -ID:/050_STM32/Repository/STM32Cube_FW_F2_V1.9.3/Drivers/CMSIS/Device/ST/STM32F2xx/Include -ID:/050_STM32/Repository/STM32Cube_FW_F2_V1.9.3/Drivers/CMSIS/Include -O0 -ffunction-sections -fdata-sections -Wall -fstack-usage -fcyclomatic-complexity -MMD -MP -MF"Core/Src/system_stm32f2xx.d" -MT"Core/Src/system_stm32f2xx.o" --specs=nano.specs -mfloat-abi=soft -mthumb -o "Core/Src/system_stm32f2xx.o"
arm-none-eabi-gcc -o "005_FSMC_LCD_ILI9341_16bit_GFX.elf" @"objects.list"   -mcpu=cortex-m3 -T"D:\__GitHub\nucleoF207\STM32CubeIDE\005_FSMC_LCD_ILI9341_16bit_GFX\STM32F207ZGTX_FLASH.ld" --specs=nosys.specs -Wl,-Map="005_FSMC_LCD_ILI9341_16bit_GFX.map" -Wl,--gc-sections -static --specs=nano.specs -mfloat-abi=soft -mthumb -Wl,--start-group -lc -lm -Wl,--end-group
Finished building target: 005_FSMC_LCD_ILI9341_16bit_GFX.elf
 
arm-none-eabi-size   005_FSMC_LCD_ILI9341_16bit_GFX.elf 
arm-none-eabi-objdump -h -S  005_FSMC_LCD_ILI9341_16bit_GFX.elf  > "005_FSMC_LCD_ILI9341_16bit_GFX.list"
   text	   data	    bss	    dec	    hex	filename
  15712	    120	   1768	  17600	   44c0	005_FSMC_LCD_ILI9341_16bit_GFX.elf
Finished building: default.size.stdout
 
Finished building: 005_FSMC_LCD_ILI9341_16bit_GFX.list
 
10:59:44 **** Incremental Build of configuration Debug for project 005_FSMC_LCD_ILI9341_16bit_GFX ****
make -j12 all 
arm-none-eabi-size   005_FSMC_LCD_ILI9341_16bit_GFX.elf 
   text	   data	    bss	    dec	    hex	filename
  15712	    120	   1768	  17600	   44c0	005_FSMC_LCD_ILI9341_16bit_GFX.elf
Finished building: default.size.stdout
 
11:01:21 **** Incremental Build of configuration Debug for project 005_FSMC_LCD_ILI9341_16bit_GFX ****
make -j12 all 
arm-none-eabi-gcc "../loop/loop.c" -mcpu=cortex-m3 -std=gnu11 -g3 -DDEBUG -DUSE_HAL_DRIVER -DSTM32F207xx -c -I../Core/Inc -ID:/050_STM32/Repository/STM32Cube_FW_F2_V1.9.3/Drivers/STM32F2xx_HAL_Driver/Inc -ID:/050_STM32/Repository/STM32Cube_FW_F2_V1.9.3/Drivers/STM32F2xx_HAL_Driver/Inc/Legacy -ID:/050_STM32/Repository/STM32Cube_FW_F2_V1.9.3/Drivers/CMSIS/Device/ST/STM32F2xx/Include -ID:/050_STM32/Repository/STM32Cube_FW_F2_V1.9.3/Drivers/CMSIS/Include -O0 -ffunction-sections -fdata-sections -Wall -fstack-usage -fcyclomatic-complexity -MMD -MP -MF"loop/loop.d" -MT"loop/loop.o" --specs=nano.specs -mfloat-abi=soft -mthumb -o "loop/loop.o"
arm-none-eabi-gcc "../ili9341/gfx.c" -mcpu=cortex-m3 -std=gnu11 -g3 -DDEBUG -DUSE_HAL_DRIVER -DSTM32F207xx -c -I../Core/Inc -ID:/050_STM32/Repository/STM32Cube_FW_F2_V1.9.3/Drivers/STM32F2xx_HAL_Driver/Inc -ID:/050_STM32/Repository/STM32Cube_FW_F2_V1.9.3/Drivers/STM32F2xx_HAL_Driver/Inc/Legacy -ID:/050_STM32/Repository/STM32Cube_FW_F2_V1.9.3/Drivers/CMSIS/Device/ST/STM32F2xx/Include -ID:/050_STM32/Repository/STM32Cube_FW_F2_V1.9.3/Drivers/CMSIS/Include -O0 -ffunction-sections -fdata-sections -Wall -fstack-usage -fcyclomatic-complexity -MMD -MP -MF"ili9341/gfx.d" -MT"ili9341/gfx.o" --specs=nano.specs -mfloat-abi=soft -mthumb -o "ili9341/gfx.o"
arm-none-eabi-gcc "../ili9341/hardwareMCU.c" -mcpu=cortex-m3 -std=gnu11 -g3 -DDEBUG -DUSE_HAL_DRIVER -DSTM32F207xx -c -I../Core/Inc -ID:/050_STM32/Repository/STM32Cube_FW_F2_V1.9.3/Drivers/STM32F2xx_HAL_Driver/Inc -ID:/050_STM32/Repository/STM32Cube_FW_F2_V1.9.3/Drivers/STM32F2xx_HAL_Driver/Inc/Legacy -ID:/050_STM32/Repository/STM32Cube_FW_F2_V1.9.3/Drivers/CMSIS/Device/ST/STM32F2xx/Include -ID:/050_STM32/Repository/STM32Cube_FW_F2_V1.9.3/Drivers/CMSIS/Include -O0 -ffunction-sections -fdata-sections -Wall -fstack-usage -fcyclomatic-complexity -MMD -MP -MF"ili9341/hardwareMCU.d" -MT"ili9341/hardwareMCU.o" --specs=nano.specs -mfloat-abi=soft -mthumb -o "ili9341/hardwareMCU.o"
arm-none-eabi-gcc "../ili9341/ili9341.c" -mcpu=cortex-m3 -std=gnu11 -g3 -DDEBUG -DUSE_HAL_DRIVER -DSTM32F207xx -c -I../Core/Inc -ID:/050_STM32/Repository/STM32Cube_FW_F2_V1.9.3/Drivers/STM32F2xx_HAL_Driver/Inc -ID:/050_STM32/Repository/STM32Cube_FW_F2_V1.9.3/Drivers/STM32F2xx_HAL_Driver/Inc/Legacy -ID:/050_STM32/Repository/STM32Cube_FW_F2_V1.9.3/Drivers/CMSIS/Device/ST/STM32F2xx/Include -ID:/050_STM32/Repository/STM32Cube_FW_F2_V1.9.3/Drivers/CMSIS/Include -O0 -ffunction-sections -fdata-sections -Wall -fstack-usage -fcyclomatic-complexity -MMD -MP -MF"ili9341/ili9341.d" -MT"ili9341/ili9341.o" --specs=nano.specs -mfloat-abi=soft -mthumb -o "ili9341/ili9341.o"
arm-none-eabi-gcc "D:/050_STM32/Repository/STM32Cube_FW_F2_V1.9.3/Drivers/STM32F2xx_HAL_Driver/Src/stm32f2xx_hal.c" -mcpu=cortex-m3 -std=gnu11 -g3 -DDEBUG -DUSE_HAL_DRIVER -DSTM32F207xx -c -I../Core/Inc -ID:/050_STM32/Repository/STM32Cube_FW_F2_V1.9.3/Drivers/STM32F2xx_HAL_Driver/Inc -ID:/050_STM32/Repository/STM32Cube_FW_F2_V1.9.3/Drivers/STM32F2xx_HAL_Driver/Inc/Legacy -ID:/050_STM32/Repository/STM32Cube_FW_F2_V1.9.3/Drivers/CMSIS/Device/ST/STM32F2xx/Include -ID:/050_STM32/Repository/STM32Cube_FW_F2_V1.9.3/Drivers/CMSIS/Include -O0 -ffunction-sections -fdata-sections -Wall -fstack-usage -fcyclomatic-complexity -MMD -MP -MF"Drivers/STM32F2xx_HAL_Driver/stm32f2xx_hal.d" -MT"Drivers/STM32F2xx_HAL_Driver/stm32f2xx_hal.o" --specs=nano.specs -mfloat-abi=soft -mthumb -o "Drivers/STM32F2xx_HAL_Driver/stm32f2xx_hal.o"
arm-none-eabi-gcc "D:/050_STM32/Repository/STM32Cube_FW_F2_V1.9.3/Drivers/STM32F2xx_HAL_Driver/Src/stm32f2xx_hal_cortex.c" -mcpu=cortex-m3 -std=gnu11 -g3 -DDEBUG -DUSE_HAL_DRIVER -DSTM32F207xx -c -I../Core/Inc -ID:/050_STM32/Repository/STM32Cube_FW_F2_V1.9.3/Drivers/STM32F2xx_HAL_Driver/Inc -ID:/050_STM32/Repository/STM32Cube_FW_F2_V1.9.3/Drivers/STM32F2xx_HAL_Driver/Inc/Legacy -ID:/050_STM32/Repository/STM32Cube_FW_F2_V1.9.3/Drivers/CMSIS/Device/ST/STM32F2xx/Include -ID:/050_STM32/Repository/STM32Cube_FW_F2_V1.9.3/Drivers/CMSIS/Include -O0 -ffunction-sections -fdata-sections -Wall -fstack-usage -fcyclomatic-complexity -MMD -MP -MF"Drivers/STM32F2xx_HAL_Driver/stm32f2xx_hal_cortex.d" -MT"Drivers/STM32F2xx_HAL_Driver/stm32f2xx_hal_cortex.o" --specs=nano.specs -mfloat-abi=soft -mthumb -o "Drivers/STM32F2xx_HAL_Driver/stm32f2xx_hal_cortex.o"
arm-none-eabi-gcc "D:/050_STM32/Repository/STM32Cube_FW_F2_V1.9.3/Drivers/STM32F2xx_HAL_Driver/Src/stm32f2xx_hal_dma.c" -mcpu=cortex-m3 -std=gnu11 -g3 -DDEBUG -DUSE_HAL_DRIVER -DSTM32F207xx -c -I../Core/Inc -ID:/050_STM32/Repository/STM32Cube_FW_F2_V1.9.3/Drivers/STM32F2xx_HAL_Driver/Inc -ID:/050_STM32/Repository/STM32Cube_FW_F2_V1.9.3/Drivers/STM32F2xx_HAL_Driver/Inc/Legacy -ID:/050_STM32/Repository/STM32Cube_FW_F2_V1.9.3/Drivers/CMSIS/Device/ST/STM32F2xx/Include -ID:/050_STM32/Repository/STM32Cube_FW_F2_V1.9.3/Drivers/CMSIS/Include -O0 -ffunction-sections -fdata-sections -Wall -fstack-usage -fcyclomatic-complexity -MMD -MP -MF"Drivers/STM32F2xx_HAL_Driver/stm32f2xx_hal_dma.d" -MT"Drivers/STM32F2xx_HAL_Driver/stm32f2xx_hal_dma.o" --specs=nano.specs -mfloat-abi=soft -mthumb -o "Drivers/STM32F2xx_HAL_Driver/stm32f2xx_hal_dma.o"
arm-none-eabi-gcc "D:/050_STM32/Repository/STM32Cube_FW_F2_V1.9.3/Drivers/STM32F2xx_HAL_Driver/Src/stm32f2xx_hal_dma_ex.c" -mcpu=cortex-m3 -std=gnu11 -g3 -DDEBUG -DUSE_HAL_DRIVER -DSTM32F207xx -c -I../Core/Inc -ID:/050_STM32/Repository/STM32Cube_FW_F2_V1.9.3/Drivers/STM32F2xx_HAL_Driver/Inc -ID:/050_STM32/Repository/STM32Cube_FW_F2_V1.9.3/Drivers/STM32F2xx_HAL_Driver/Inc/Legacy -ID:/050_STM32/Repository/STM32Cube_FW_F2_V1.9.3/Drivers/CMSIS/Device/ST/STM32F2xx/Include -ID:/050_STM32/Repository/STM32Cube_FW_F2_V1.9.3/Drivers/CMSIS/Include -O0 -ffunction-sections -fdata-sections -Wall -fstack-usage -fcyclomatic-complexity -MMD -MP -MF"Drivers/STM32F2xx_HAL_Driver/stm32f2xx_hal_dma_ex.d" -MT"Drivers/STM32F2xx_HAL_Driver/stm32f2xx_hal_dma_ex.o" --specs=nano.specs -mfloat-abi=soft -mthumb -o "Drivers/STM32F2xx_HAL_Driver/stm32f2xx_hal_dma_ex.o"
arm-none-eabi-gcc "D:/050_STM32/Repository/STM32Cube_FW_F2_V1.9.3/Drivers/STM32F2xx_HAL_Driver/Src/stm32f2xx_hal_exti.c" -mcpu=cortex-m3 -std=gnu11 -g3 -DDEBUG -DUSE_HAL_DRIVER -DSTM32F207xx -c -I../Core/Inc -ID:/050_STM32/Repository/STM32Cube_FW_F2_V1.9.3/Drivers/STM32F2xx_HAL_Driver/Inc -ID:/050_STM32/Repository/STM32Cube_FW_F2_V1.9.3/Drivers/STM32F2xx_HAL_Driver/Inc/Legacy -ID:/050_STM32/Repository/STM32Cube_FW_F2_V1.9.3/Drivers/CMSIS/Device/ST/STM32F2xx/Include -ID:/050_STM32/Repository/STM32Cube_FW_F2_V1.9.3/Drivers/CMSIS/Include -O0 -ffunction-sections -fdata-sections -Wall -fstack-usage -fcyclomatic-complexity -MMD -MP -MF"Drivers/STM32F2xx_HAL_Driver/stm32f2xx_hal_exti.d" -MT"Drivers/STM32F2xx_HAL_Driver/stm32f2xx_hal_exti.o" --specs=nano.specs -mfloat-abi=soft -mthumb -o "Drivers/STM32F2xx_HAL_Driver/stm32f2xx_hal_exti.o"
arm-none-eabi-gcc "D:/050_STM32/Repository/STM32Cube_FW_F2_V1.9.3/Drivers/STM32F2xx_HAL_Driver/Src/stm32f2xx_hal_flash.c" -mcpu=cortex-m3 -std=gnu11 -g3 -DDEBUG -DUSE_HAL_DRIVER -DSTM32F207xx -c -I../Core/Inc -ID:/050_STM32/Repository/STM32Cube_FW_F2_V1.9.3/Drivers/STM32F2xx_HAL_Driver/Inc -ID:/050_STM32/Repository/STM32Cube_FW_F2_V1.9.3/Drivers/STM32F2xx_HAL_Driver/Inc/Legacy -ID:/050_STM32/Repository/STM32Cube_FW_F2_V1.9.3/Drivers/CMSIS/Device/ST/STM32F2xx/Include -ID:/050_STM32/Repository/STM32Cube_FW_F2_V1.9.3/Drivers/CMSIS/Include -O0 -ffunction-sections -fdata-sections -Wall -fstack-usage -fcyclomatic-complexity -MMD -MP -MF"Drivers/STM32F2xx_HAL_Driver/stm32f2xx_hal_flash.d" -MT"Drivers/STM32F2xx_HAL_Driver/stm32f2xx_hal_flash.o" --specs=nano.specs -mfloat-abi=soft -mthumb -o "Drivers/STM32F2xx_HAL_Driver/stm32f2xx_hal_flash.o"
arm-none-eabi-gcc "D:/050_STM32/Repository/STM32Cube_FW_F2_V1.9.3/Drivers/STM32F2xx_HAL_Driver/Src/stm32f2xx_hal_flash_ex.c" -mcpu=cortex-m3 -std=gnu11 -g3 -DDEBUG -DUSE_HAL_DRIVER -DSTM32F207xx -c -I../Core/Inc -ID:/050_STM32/Repository/STM32Cube_FW_F2_V1.9.3/Drivers/STM32F2xx_HAL_Driver/Inc -ID:/050_STM32/Repository/STM32Cube_FW_F2_V1.9.3/Drivers/STM32F2xx_HAL_Driver/Inc/Legacy -ID:/050_STM32/Repository/STM32Cube_FW_F2_V1.9.3/Drivers/CMSIS/Device/ST/STM32F2xx/Include -ID:/050_STM32/Repository/STM32Cube_FW_F2_V1.9.3/Drivers/CMSIS/Include -O0 -ffunction-sections -fdata-sections -Wall -fstack-usage -fcyclomatic-complexity -MMD -MP -MF"Drivers/STM32F2xx_HAL_Driver/stm32f2xx_hal_flash_ex.d" -MT"Drivers/STM32F2xx_HAL_Driver/stm32f2xx_hal_flash_ex.o" --specs=nano.specs -mfloat-abi=soft -mthumb -o "Drivers/STM32F2xx_HAL_Driver/stm32f2xx_hal_flash_ex.o"
arm-none-eabi-gcc "D:/050_STM32/Repository/STM32Cube_FW_F2_V1.9.3/Drivers/STM32F2xx_HAL_Driver/Src/stm32f2xx_hal_gpio.c" -mcpu=cortex-m3 -std=gnu11 -g3 -DDEBUG -DUSE_HAL_DRIVER -DSTM32F207xx -c -I../Core/Inc -ID:/050_STM32/Repository/STM32Cube_FW_F2_V1.9.3/Drivers/STM32F2xx_HAL_Driver/Inc -ID:/050_STM32/Repository/STM32Cube_FW_F2_V1.9.3/Drivers/STM32F2xx_HAL_Driver/Inc/Legacy -ID:/050_STM32/Repository/STM32Cube_FW_F2_V1.9.3/Drivers/CMSIS/Device/ST/STM32F2xx/Include -ID:/050_STM32/Repository/STM32Cube_FW_F2_V1.9.3/Drivers/CMSIS/Include -O0 -ffunction-sections -fdata-sections -Wall -fstack-usage -fcyclomatic-complexity -MMD -MP -MF"Drivers/STM32F2xx_HAL_Driver/stm32f2xx_hal_gpio.d" -MT"Drivers/STM32F2xx_HAL_Driver/stm32f2xx_hal_gpio.o" --specs=nano.specs -mfloat-abi=soft -mthumb -o "Drivers/STM32F2xx_HAL_Driver/stm32f2xx_hal_gpio.o"
arm-none-eabi-gcc "D:/050_STM32/Repository/STM32Cube_FW_F2_V1.9.3/Drivers/STM32F2xx_HAL_Driver/Src/stm32f2xx_hal_pwr.c" -mcpu=cortex-m3 -std=gnu11 -g3 -DDEBUG -DUSE_HAL_DRIVER -DSTM32F207xx -c -I../Core/Inc -ID:/050_STM32/Repository/STM32Cube_FW_F2_V1.9.3/Drivers/STM32F2xx_HAL_Driver/Inc -ID:/050_STM32/Repository/STM32Cube_FW_F2_V1.9.3/Drivers/STM32F2xx_HAL_Driver/Inc/Legacy -ID:/050_STM32/Repository/STM32Cube_FW_F2_V1.9.3/Drivers/CMSIS/Device/ST/STM32F2xx/Include -ID:/050_STM32/Repository/STM32Cube_FW_F2_V1.9.3/Drivers/CMSIS/Include -O0 -ffunction-sections -fdata-sections -Wall -fstack-usage -fcyclomatic-complexity -MMD -MP -MF"Drivers/STM32F2xx_HAL_Driver/stm32f2xx_hal_pwr.d" -MT"Drivers/STM32F2xx_HAL_Driver/stm32f2xx_hal_pwr.o" --specs=nano.specs -mfloat-abi=soft -mthumb -o "Drivers/STM32F2xx_HAL_Driver/stm32f2xx_hal_pwr.o"
arm-none-eabi-gcc "D:/050_STM32/Repository/STM32Cube_FW_F2_V1.9.3/Drivers/STM32F2xx_HAL_Driver/Src/stm32f2xx_hal_pwr_ex.c" -mcpu=cortex-m3 -std=gnu11 -g3 -DDEBUG -DUSE_HAL_DRIVER -DSTM32F207xx -c -I../Core/Inc -ID:/050_STM32/Repository/STM32Cube_FW_F2_V1.9.3/Drivers/STM32F2xx_HAL_Driver/Inc -ID:/050_STM32/Repository/STM32Cube_FW_F2_V1.9.3/Drivers/STM32F2xx_HAL_Driver/Inc/Legacy -ID:/050_STM32/Repository/STM32Cube_FW_F2_V1.9.3/Drivers/CMSIS/Device/ST/STM32F2xx/Include -ID:/050_STM32/Repository/STM32Cube_FW_F2_V1.9.3/Drivers/CMSIS/Include -O0 -ffunction-sections -fdata-sections -Wall -fstack-usage -fcyclomatic-complexity -MMD -MP -MF"Drivers/STM32F2xx_HAL_Driver/stm32f2xx_hal_pwr_ex.d" -MT"Drivers/STM32F2xx_HAL_Driver/stm32f2xx_hal_pwr_ex.o" --specs=nano.specs -mfloat-abi=soft -mthumb -o "Drivers/STM32F2xx_HAL_Driver/stm32f2xx_hal_pwr_ex.o"
arm-none-eabi-gcc "D:/050_STM32/Repository/STM32Cube_FW_F2_V1.9.3/Drivers/STM32F2xx_HAL_Driver/Src/stm32f2xx_hal_rcc.c" -mcpu=cortex-m3 -std=gnu11 -g3 -DDEBUG -DUSE_HAL_DRIVER -DSTM32F207xx -c -I../Core/Inc -ID:/050_STM32/Repository/STM32Cube_FW_F2_V1.9.3/Drivers/STM32F2xx_HAL_Driver/Inc -ID:/050_STM32/Repository/STM32Cube_FW_F2_V1.9.3/Drivers/STM32F2xx_HAL_Driver/Inc/Legacy -ID:/050_STM32/Repository/STM32Cube_FW_F2_V1.9.3/Drivers/CMSIS/Device/ST/STM32F2xx/Include -ID:/050_STM32/Repository/STM32Cube_FW_F2_V1.9.3/Drivers/CMSIS/Include -O0 -ffunction-sections -fdata-sections -Wall -fstack-usage -fcyclomatic-complexity -MMD -MP -MF"Drivers/STM32F2xx_HAL_Driver/stm32f2xx_hal_rcc.d" -MT"Drivers/STM32F2xx_HAL_Driver/stm32f2xx_hal_rcc.o" --specs=nano.specs -mfloat-abi=soft -mthumb -o "Drivers/STM32F2xx_HAL_Driver/stm32f2xx_hal_rcc.o"
arm-none-eabi-gcc "D:/050_STM32/Repository/STM32Cube_FW_F2_V1.9.3/Drivers/STM32F2xx_HAL_Driver/Src/stm32f2xx_hal_rcc_ex.c" -mcpu=cortex-m3 -std=gnu11 -g3 -DDEBUG -DUSE_HAL_DRIVER -DSTM32F207xx -c -I../Core/Inc -ID:/050_STM32/Repository/STM32Cube_FW_F2_V1.9.3/Drivers/STM32F2xx_HAL_Driver/Inc -ID:/050_STM32/Repository/STM32Cube_FW_F2_V1.9.3/Drivers/STM32F2xx_HAL_Driver/Inc/Legacy -ID:/050_STM32/Repository/STM32Cube_FW_F2_V1.9.3/Drivers/CMSIS/Device/ST/STM32F2xx/Include -ID:/050_STM32/Repository/STM32Cube_FW_F2_V1.9.3/Drivers/CMSIS/Include -O0 -ffunction-sections -fdata-sections -Wall -fstack-usage -fcyclomatic-complexity -MMD -MP -MF"Drivers/STM32F2xx_HAL_Driver/stm32f2xx_hal_rcc_ex.d" -MT"Drivers/STM32F2xx_HAL_Driver/stm32f2xx_hal_rcc_ex.o" --specs=nano.specs -mfloat-abi=soft -mthumb -o "Drivers/STM32F2xx_HAL_Driver/stm32f2xx_hal_rcc_ex.o"
arm-none-eabi-gcc "D:/050_STM32/Repository/STM32Cube_FW_F2_V1.9.3/Drivers/STM32F2xx_HAL_Driver/Src/stm32f2xx_hal_sram.c" -mcpu=cortex-m3 -std=gnu11 -g3 -DDEBUG -DUSE_HAL_DRIVER -DSTM32F207xx -c -I../Core/Inc -ID:/050_STM32/Repository/STM32Cube_FW_F2_V1.9.3/Drivers/STM32F2xx_HAL_Driver/Inc -ID:/050_STM32/Repository/STM32Cube_FW_F2_V1.9.3/Drivers/STM32F2xx_HAL_Driver/Inc/Legacy -ID:/050_STM32/Repository/STM32Cube_FW_F2_V1.9.3/Drivers/CMSIS/Device/ST/STM32F2xx/Include -ID:/050_STM32/Repository/STM32Cube_FW_F2_V1.9.3/Drivers/CMSIS/Include -O0 -ffunction-sections -fdata-sections -Wall -fstack-usage -fcyclomatic-complexity -MMD -MP -MF"Drivers/STM32F2xx_HAL_Driver/stm32f2xx_hal_sram.d" -MT"Drivers/STM32F2xx_HAL_Driver/stm32f2xx_hal_sram.o" --specs=nano.specs -mfloat-abi=soft -mthumb -o "Drivers/STM32F2xx_HAL_Driver/stm32f2xx_hal_sram.o"
arm-none-eabi-gcc "D:/050_STM32/Repository/STM32Cube_FW_F2_V1.9.3/Drivers/STM32F2xx_HAL_Driver/Src/stm32f2xx_hal_tim.c" -mcpu=cortex-m3 -std=gnu11 -g3 -DDEBUG -DUSE_HAL_DRIVER -DSTM32F207xx -c -I../Core/Inc -ID:/050_STM32/Repository/STM32Cube_FW_F2_V1.9.3/Drivers/STM32F2xx_HAL_Driver/Inc -ID:/050_STM32/Repository/STM32Cube_FW_F2_V1.9.3/Drivers/STM32F2xx_HAL_Driver/Inc/Legacy -ID:/050_STM32/Repository/STM32Cube_FW_F2_V1.9.3/Drivers/CMSIS/Device/ST/STM32F2xx/Include -ID:/050_STM32/Repository/STM32Cube_FW_F2_V1.9.3/Drivers/CMSIS/Include -O0 -ffunction-sections -fdata-sections -Wall -fstack-usage -fcyclomatic-complexity -MMD -MP -MF"Drivers/STM32F2xx_HAL_Driver/stm32f2xx_hal_tim.d" -MT"Drivers/STM32F2xx_HAL_Driver/stm32f2xx_hal_tim.o" --specs=nano.specs -mfloat-abi=soft -mthumb -o "Drivers/STM32F2xx_HAL_Driver/stm32f2xx_hal_tim.o"
arm-none-eabi-gcc "D:/050_STM32/Repository/STM32Cube_FW_F2_V1.9.3/Drivers/STM32F2xx_HAL_Driver/Src/stm32f2xx_hal_tim_ex.c" -mcpu=cortex-m3 -std=gnu11 -g3 -DDEBUG -DUSE_HAL_DRIVER -DSTM32F207xx -c -I../Core/Inc -ID:/050_STM32/Repository/STM32Cube_FW_F2_V1.9.3/Drivers/STM32F2xx_HAL_Driver/Inc -ID:/050_STM32/Repository/STM32Cube_FW_F2_V1.9.3/Drivers/STM32F2xx_HAL_Driver/Inc/Legacy -ID:/050_STM32/Repository/STM32Cube_FW_F2_V1.9.3/Drivers/CMSIS/Device/ST/STM32F2xx/Include -ID:/050_STM32/Repository/STM32Cube_FW_F2_V1.9.3/Drivers/CMSIS/Include -O0 -ffunction-sections -fdata-sections -Wall -fstack-usage -fcyclomatic-complexity -MMD -MP -MF"Drivers/STM32F2xx_HAL_Driver/stm32f2xx_hal_tim_ex.d" -MT"Drivers/STM32F2xx_HAL_Driver/stm32f2xx_hal_tim_ex.o" --specs=nano.specs -mfloat-abi=soft -mthumb -o "Drivers/STM32F2xx_HAL_Driver/stm32f2xx_hal_tim_ex.o"
arm-none-eabi-gcc "D:/050_STM32/Repository/STM32Cube_FW_F2_V1.9.3/Drivers/STM32F2xx_HAL_Driver/Src/stm32f2xx_ll_fsmc.c" -mcpu=cortex-m3 -std=gnu11 -g3 -DDEBUG -DUSE_HAL_DRIVER -DSTM32F207xx -c -I../Core/Inc -ID:/050_STM32/Repository/STM32Cube_FW_F2_V1.9.3/Drivers/STM32F2xx_HAL_Driver/Inc -ID:/050_STM32/Repository/STM32Cube_FW_F2_V1.9.3/Drivers/STM32F2xx_HAL_Driver/Inc/Legacy -ID:/050_STM32/Repository/STM32Cube_FW_F2_V1.9.3/Drivers/CMSIS/Device/ST/STM32F2xx/Include -ID:/050_STM32/Repository/STM32Cube_FW_F2_V1.9.3/Drivers/CMSIS/Include -O0 -ffunction-sections -fdata-sections -Wall -fstack-usage -fcyclomatic-complexity -MMD -MP -MF"Drivers/STM32F2xx_HAL_Driver/stm32f2xx_ll_fsmc.d" -MT"Drivers/STM32F2xx_HAL_Driver/stm32f2xx_ll_fsmc.o" --specs=nano.specs -mfloat-abi=soft -mthumb -o "Drivers/STM32F2xx_HAL_Driver/stm32f2xx_ll_fsmc.o"
arm-none-eabi-gcc -mcpu=cortex-m3 -g3 -DDEBUG -c -x assembler-with-cpp -MMD -MP -MF"Core/Startup/startup_stm32f207zgtx.d" -MT"Core/Startup/startup_stm32f207zgtx.o" --specs=nano.specs -mfloat-abi=soft -mthumb -o "Core/Startup/startup_stm32f207zgtx.o" "../Core/Startup/startup_stm32f207zgtx.s"
arm-none-eabi-gcc "../Core/Src/dma.c" -mcpu=cortex-m3 -std=gnu11 -g3 -DDEBUG -DUSE_HAL_DRIVER -DSTM32F207xx -c -I../Core/Inc -ID:/050_STM32/Repository/STM32Cube_FW_F2_V1.9.3/Drivers/STM32F2xx_HAL_Driver/Inc -ID:/050_STM32/Repository/STM32Cube_FW_F2_V1.9.3/Drivers/STM32F2xx_HAL_Driver/Inc/Legacy -ID:/050_STM32/Repository/STM32Cube_FW_F2_V1.9.3/Drivers/CMSIS/Device/ST/STM32F2xx/Include -ID:/050_STM32/Repository/STM32Cube_FW_F2_V1.9.3/Drivers/CMSIS/Include -O0 -ffunction-sections -fdata-sections -Wall -fstack-usage -fcyclomatic-complexity -MMD -MP -MF"Core/Src/dma.d" -MT"Core/Src/dma.o" --specs=nano.specs -mfloat-abi=soft -mthumb -o "Core/Src/dma.o"
arm-none-eabi-gcc "../Core/Src/fsmc.c" -mcpu=cortex-m3 -std=gnu11 -g3 -DDEBUG -DUSE_HAL_DRIVER -DSTM32F207xx -c -I../Core/Inc -ID:/050_STM32/Repository/STM32Cube_FW_F2_V1.9.3/Drivers/STM32F2xx_HAL_Driver/Inc -ID:/050_STM32/Repository/STM32Cube_FW_F2_V1.9.3/Drivers/STM32F2xx_HAL_Driver/Inc/Legacy -ID:/050_STM32/Repository/STM32Cube_FW_F2_V1.9.3/Drivers/CMSIS/Device/ST/STM32F2xx/Include -ID:/050_STM32/Repository/STM32Cube_FW_F2_V1.9.3/Drivers/CMSIS/Include -O0 -ffunction-sections -fdata-sections -Wall -fstack-usage -fcyclomatic-complexity -MMD -MP -MF"Core/Src/fsmc.d" -MT"Core/Src/fsmc.o" --specs=nano.specs -mfloat-abi=soft -mthumb -o "Core/Src/fsmc.o"
arm-none-eabi-gcc "../Core/Src/gpio.c" -mcpu=cortex-m3 -std=gnu11 -g3 -DDEBUG -DUSE_HAL_DRIVER -DSTM32F207xx -c -I../Core/Inc -ID:/050_STM32/Repository/STM32Cube_FW_F2_V1.9.3/Drivers/STM32F2xx_HAL_Driver/Inc -ID:/050_STM32/Repository/STM32Cube_FW_F2_V1.9.3/Drivers/STM32F2xx_HAL_Driver/Inc/Legacy -ID:/050_STM32/Repository/STM32Cube_FW_F2_V1.9.3/Drivers/CMSIS/Device/ST/STM32F2xx/Include -ID:/050_STM32/Repository/STM32Cube_FW_F2_V1.9.3/Drivers/CMSIS/Include -O0 -ffunction-sections -fdata-sections -Wall -fstack-usage -fcyclomatic-complexity -MMD -MP -MF"Core/Src/gpio.d" -MT"Core/Src/gpio.o" --specs=nano.specs -mfloat-abi=soft -mthumb -o "Core/Src/gpio.o"
arm-none-eabi-gcc "../Core/Src/main.c" -mcpu=cortex-m3 -std=gnu11 -g3 -DDEBUG -DUSE_HAL_DRIVER -DSTM32F207xx -c -I../Core/Inc -ID:/050_STM32/Repository/STM32Cube_FW_F2_V1.9.3/Drivers/STM32F2xx_HAL_Driver/Inc -ID:/050_STM32/Repository/STM32Cube_FW_F2_V1.9.3/Drivers/STM32F2xx_HAL_Driver/Inc/Legacy -ID:/050_STM32/Repository/STM32Cube_FW_F2_V1.9.3/Drivers/CMSIS/Device/ST/STM32F2xx/Include -ID:/050_STM32/Repository/STM32Cube_FW_F2_V1.9.3/Drivers/CMSIS/Include -O0 -ffunction-sections -fdata-sections -Wall -fstack-usage -fcyclomatic-complexity -MMD -MP -MF"Core/Src/main.d" -MT"Core/Src/main.o" --specs=nano.specs -mfloat-abi=soft -mthumb -o "Core/Src/main.o"
arm-none-eabi-gcc "../Core/Src/stm32f2xx_hal_msp.c" -mcpu=cortex-m3 -std=gnu11 -g3 -DDEBUG -DUSE_HAL_DRIVER -DSTM32F207xx -c -I../Core/Inc -ID:/050_STM32/Repository/STM32Cube_FW_F2_V1.9.3/Drivers/STM32F2xx_HAL_Driver/Inc -ID:/050_STM32/Repository/STM32Cube_FW_F2_V1.9.3/Drivers/STM32F2xx_HAL_Driver/Inc/Legacy -ID:/050_STM32/Repository/STM32Cube_FW_F2_V1.9.3/Drivers/CMSIS/Device/ST/STM32F2xx/Include -ID:/050_STM32/Repository/STM32Cube_FW_F2_V1.9.3/Drivers/CMSIS/Include -O0 -ffunction-sections -fdata-sections -Wall -fstack-usage -fcyclomatic-complexity -MMD -MP -MF"Core/Src/stm32f2xx_hal_msp.d" -MT"Core/Src/stm32f2xx_hal_msp.o" --specs=nano.specs -mfloat-abi=soft -mthumb -o "Core/Src/stm32f2xx_hal_msp.o"
arm-none-eabi-gcc "../Core/Src/stm32f2xx_it.c" -mcpu=cortex-m3 -std=gnu11 -g3 -DDEBUG -DUSE_HAL_DRIVER -DSTM32F207xx -c -I../Core/Inc -ID:/050_STM32/Repository/STM32Cube_FW_F2_V1.9.3/Drivers/STM32F2xx_HAL_Driver/Inc -ID:/050_STM32/Repository/STM32Cube_FW_F2_V1.9.3/Drivers/STM32F2xx_HAL_Driver/Inc/Legacy -ID:/050_STM32/Repository/STM32Cube_FW_F2_V1.9.3/Drivers/CMSIS/Device/ST/STM32F2xx/Include -ID:/050_STM32/Repository/STM32Cube_FW_F2_V1.9.3/Drivers/CMSIS/Include -O0 -ffunction-sections -fdata-sections -Wall -fstack-usage -fcyclomatic-complexity -MMD -MP -MF"Core/Src/stm32f2xx_it.d" -MT"Core/Src/stm32f2xx_it.o" --specs=nano.specs -mfloat-abi=soft -mthumb -o "Core/Src/stm32f2xx_it.o"
arm-none-eabi-gcc "../Core/Src/syscalls.c" -mcpu=cortex-m3 -std=gnu11 -g3 -DDEBUG -DUSE_HAL_DRIVER -DSTM32F207xx -c -I../Core/Inc -ID:/050_STM32/Repository/STM32Cube_FW_F2_V1.9.3/Drivers/STM32F2xx_HAL_Driver/Inc -ID:/050_STM32/Repository/STM32Cube_FW_F2_V1.9.3/Drivers/STM32F2xx_HAL_Driver/Inc/Legacy -ID:/050_STM32/Repository/STM32Cube_FW_F2_V1.9.3/Drivers/CMSIS/Device/ST/STM32F2xx/Include -ID:/050_STM32/Repository/STM32Cube_FW_F2_V1.9.3/Drivers/CMSIS/Include -O0 -ffunction-sections -fdata-sections -Wall -fstack-usage -fcyclomatic-complexity -MMD -MP -MF"Core/Src/syscalls.d" -MT"Core/Src/syscalls.o" --specs=nano.specs -mfloat-abi=soft -mthumb -o "Core/Src/syscalls.o"
arm-none-eabi-gcc "../Core/Src/sysmem.c" -mcpu=cortex-m3 -std=gnu11 -g3 -DDEBUG -DUSE_HAL_DRIVER -DSTM32F207xx -c -I../Core/Inc -ID:/050_STM32/Repository/STM32Cube_FW_F2_V1.9.3/Drivers/STM32F2xx_HAL_Driver/Inc -ID:/050_STM32/Repository/STM32Cube_FW_F2_V1.9.3/Drivers/STM32F2xx_HAL_Driver/Inc/Legacy -ID:/050_STM32/Repository/STM32Cube_FW_F2_V1.9.3/Drivers/CMSIS/Device/ST/STM32F2xx/Include -ID:/050_STM32/Repository/STM32Cube_FW_F2_V1.9.3/Drivers/CMSIS/Include -O0 -ffunction-sections -fdata-sections -Wall -fstack-usage -fcyclomatic-complexity -MMD -MP -MF"Core/Src/sysmem.d" -MT"Core/Src/sysmem.o" --specs=nano.specs -mfloat-abi=soft -mthumb -o "Core/Src/sysmem.o"
arm-none-eabi-gcc "../Core/Src/system_stm32f2xx.c" -mcpu=cortex-m3 -std=gnu11 -g3 -DDEBUG -DUSE_HAL_DRIVER -DSTM32F207xx -c -I../Core/Inc -ID:/050_STM32/Repository/STM32Cube_FW_F2_V1.9.3/Drivers/STM32F2xx_HAL_Driver/Inc -ID:/050_STM32/Repository/STM32Cube_FW_F2_V1.9.3/Drivers/STM32F2xx_HAL_Driver/Inc/Legacy -ID:/050_STM32/Repository/STM32Cube_FW_F2_V1.9.3/Drivers/CMSIS/Device/ST/STM32F2xx/Include -ID:/050_STM32/Repository/STM32Cube_FW_F2_V1.9.3/Drivers/CMSIS/Include -O0 -ffunction-sections -fdata-sections -Wall -fstack-usage -fcyclomatic-complexity -MMD -MP -MF"Core/Src/system_stm32f2xx.d" -MT"Core/Src/system_stm32f2xx.o" --specs=nano.specs -mfloat-abi=soft -mthumb -o "Core/Src/system_stm32f2xx.o"
arm-none-eabi-gcc -o "005_FSMC_LCD_ILI9341_16bit_GFX.elf" @"objects.list"   -mcpu=cortex-m3 -T"D:\__GitHub\nucleoF207\STM32CubeIDE\005_FSMC_LCD_ILI9341_16bit_GFX\STM32F207ZGTX_FLASH.ld" --specs=nosys.specs -Wl,-Map="005_FSMC_LCD_ILI9341_16bit_GFX.map" -Wl,--gc-sections -static --specs=nano.specs -mfloat-abi=soft -mthumb -Wl,--start-group -lc -lm -Wl,--end-group
Finished building target: 005_FSMC_LCD_ILI9341_16bit_GFX.elf
 
arm-none-eabi-size   005_FSMC_LCD_ILI9341_16bit_GFX.elf 
arm-none-eabi-objdump -h -S  005_FSMC_LCD_ILI9341_16bit_GFX.elf  > "005_FSMC_LCD_ILI9341_16bit_GFX.list"
   text	   data	    bss	    dec	    hex	filename
  15712	    120	   1768	  17600	   44c0	005_FSMC_LCD_ILI9341_16bit_GFX.elf
Finished building: default.size.stdout
 
Finished building: 005_FSMC_LCD_ILI9341_16bit_GFX.list
 
